/home/alex/.conda/envs/kdellipspy/lib/python3.11/site-packages/numpy/f2py/f2py2e.py:739: VisibleDeprecationWarning: 
distutils has been deprecated since NumPy 1.26.x
Use the Meson backend instead, or generate wrappers without -c and use a custom build script
  builder = build_backend(
running build
running config_cc
INFO: unifying config_cc, config, build_clib, build_ext, build commands --compiler options
running config_fc
INFO: unifying config_fc, config, build_clib, build_ext, build commands --fcompiler options
running build_src
INFO: build_src
INFO: building extension "demo_f2py" sources
INFO: f2py options: []
INFO: f2py:> /tmp/tmp0spmvlu4/src.linux-x86_64-3.11/demo_f2pymodule.c
creating /tmp/tmp0spmvlu4/src.linux-x86_64-3.11
Reading fortran codes...
	Reading file 'demo.f90' (format:free)
Post-processing...
	Block: demo_f2py
			Block: vecadd
			Block: ellipse_patch
Applying post-processing hooks...
  character_backward_compatibility_hook
Post-processing (stage 2)...
Building modules...
    Building module "demo_f2py"...
    Generating possibly empty wrappers"
    Maybe empty "demo_f2py-f2pywrappers.f"
        Constructing wrapper function "vecadd"...
          c = vecadd(a,b)
    Generating possibly empty wrappers"
    Maybe empty "demo_f2py-f2pywrappers.f"
        Constructing wrapper function "ellipse_patch"...
          field = ellipse_patch(nx,ny,ax,bx,strin,strout)
    Wrote C/API module "demo_f2py" to file "/tmp/tmp0spmvlu4/src.linux-x86_64-3.11/demo_f2pymodule.c"
INFO:   adding '/tmp/tmp0spmvlu4/src.linux-x86_64-3.11/fortranobject.c' to sources.
INFO:   adding '/tmp/tmp0spmvlu4/src.linux-x86_64-3.11' to include_dirs.
copying /home/alex/.conda/envs/kdellipspy/lib/python3.11/site-packages/numpy/f2py/src/fortranobject.c -> /tmp/tmp0spmvlu4/src.linux-x86_64-3.11
copying /home/alex/.conda/envs/kdellipspy/lib/python3.11/site-packages/numpy/f2py/src/fortranobject.h -> /tmp/tmp0spmvlu4/src.linux-x86_64-3.11
INFO:   adding '/tmp/tmp0spmvlu4/src.linux-x86_64-3.11/demo_f2py-f2pywrappers.f' to sources.
INFO: build_src: building npy-pkg config files
/home/alex/.conda/envs/kdellipspy/lib/python3.11/site-packages/setuptools/_distutils/cmd.py:66: SetuptoolsDeprecationWarning: setup.py install is deprecated.
!!

        ********************************************************************************
        Please avoid running ``setup.py`` directly.
        Instead, use pypa/build, pypa/installer or other
        standards-based tools.

        See https://blog.ganssle.io/articles/2021/10/setup-py-deprecated.html for details.
        ********************************************************************************

!!
  self.initialize_options()
running build_ext
INFO: customize UnixCCompiler
INFO: customize UnixCCompiler using build_ext
INFO: get_default_fcompiler: matching types: '['arm', 'gnu95', 'intel', 'lahey', 'pg', 'nv', 'absoft', 'nag', 'vast', 'compaq', 'intele', 'intelem', 'gnu', 'g95', 'pathf95', 'nagfor', 'fujitsu']'
INFO: customize ArmFlangCompiler
WARN: Could not locate executable armflang
INFO: customize Gnu95FCompiler
INFO: Found executable /usr/bin/gfortran
INFO: customize Gnu95FCompiler
INFO: customize Gnu95FCompiler using build_ext
INFO: building 'demo_f2py' extension
INFO: compiling C sources
INFO: C compiler: gcc -pthread -B /home/alex/.conda/envs/kdellipspy/compiler_compat -DNDEBUG -fwrapv -O2 -Wall -fPIC -O2 -isystem /home/alex/.conda/envs/kdellipspy/include -fPIC -O2 -isystem /home/alex/.conda/envs/kdellipspy/include -fPIC

creating /tmp/tmp0spmvlu4/tmp
creating /tmp/tmp0spmvlu4/tmp/tmp0spmvlu4
creating /tmp/tmp0spmvlu4/tmp/tmp0spmvlu4/src.linux-x86_64-3.11
INFO: compile options: '-DNPY_DISABLE_OPTIMIZATION=1 -I/tmp/tmp0spmvlu4/src.linux-x86_64-3.11 -I/home/alex/.conda/envs/kdellipspy/lib/python3.11/site-packages/numpy/_core/include -I/home/alex/.conda/envs/kdellipspy/include/python3.11 -c'
INFO: gcc: /tmp/tmp0spmvlu4/src.linux-x86_64-3.11/demo_f2pymodule.c
INFO: gcc: /tmp/tmp0spmvlu4/src.linux-x86_64-3.11/fortranobject.c
INFO: compiling Fortran sources
INFO: Fortran f77 compiler: /usr/bin/gfortran -Wall -g -ffixed-form -fno-second-underscore -fPIC -O3 -funroll-loops
Fortran f90 compiler: /usr/bin/gfortran -Wall -g -fno-second-underscore -fPIC -O3 -funroll-loops
Fortran fix compiler: /usr/bin/gfortran -Wall -g -ffixed-form -fno-second-underscore -Wall -g -fno-second-underscore -fPIC -O3 -funroll-loops
INFO: compile options: '-I/tmp/tmp0spmvlu4/src.linux-x86_64-3.11 -I/home/alex/.conda/envs/kdellipspy/lib/python3.11/site-packages/numpy/_core/include -I/home/alex/.conda/envs/kdellipspy/include/python3.11 -c'
INFO: gfortran:fix: demo.f90
INFO: gfortran:f77: /tmp/tmp0spmvlu4/src.linux-x86_64-3.11/demo_f2py-f2pywrappers.f
INFO: /usr/bin/gfortran -Wall -g -Wall -g -shared /tmp/tmp0spmvlu4/tmp/tmp0spmvlu4/src.linux-x86_64-3.11/demo_f2pymodule.o /tmp/tmp0spmvlu4/tmp/tmp0spmvlu4/src.linux-x86_64-3.11/fortranobject.o /tmp/tmp0spmvlu4/demo.o /tmp/tmp0spmvlu4/tmp/tmp0spmvlu4/src.linux-x86_64-3.11/demo_f2py-f2pywrappers.o -L/usr/lib/gcc/x86_64-pc-linux-gnu/16.1.1/../../../../lib -L/usr/lib/gcc/x86_64-pc-linux-gnu/16.1.1/../../../../lib -lgfortran -o ./demo_f2py.cpython-311-x86_64-linux-gnu.so
Removing build directory /tmp/tmp0spmvlu4
