
╔══════════════════════════════════════════════════════════════════════╗
║ KDEllipsPy · Inversion cinematica (NA)                               ║
║ Evento Copiapo  ·  2025-06-06                                        ║
╚══════════════════════════════════════════════════════════════════════╝

┌─[16:20:32 |    0.0s] Cargando KDEllipsPy
│  [32m✓[0m kdellipspy importado (numpy 2.4.6)

┌─[16:20:33 |    0.5s] Validando rutas
│  [32m✓[0m input.ctl : /home/alex/KDEllipsPy/inversions/2025-06-06_Copiapo/input_dc_z80.ctl
│  [32m✓[0m DATA      : /home/alex/KDEllipsPy/inversions/2025-06-06_Copiapo/DATA
│  [32m✓[0m output    : /home/alex/KDEllipsPy/inversions/2025-06-06_Copiapo/output_dc_z80

┌─[16:20:33 |    0.5s] Leyendo configuracion
│  Evento      : -26.639, -70.404, 80.0 km
│  Mecanismo   : strike 72 / dip 47 / rake -111  (doble cupla)
│  Banda       : 0.06–0.15 Hz   |  filtro causal
│  Ventana     : t1=0s  t2=128s  npts=512  dt=0.25s  (units=disp)
│  Estaciones  : 9  [AC01, A24F, A28F, A15C, A17C, A06C, A18C, A30C, A16C]
│  Mod. veloc. : 20 capas
│  Algoritmo   : Neighbourhood Algorithm  |  n_jobs=1
│  [32m✓[0m Configuracion leida

┌─[16:20:33 |    0.5s] Cargando datos observados
│  [32m✓[0m observed shape = (9, 3, 512)  (estaciones, comp, npts)
│  [32m✓[0m eje de tiempo  = 0 … 127.75 s (512 pts)

┌─[16:20:33 |    0.5s] Calculando tiempos P/S por estacion (azi_times)
│  [32m✓[0m azi_times_array shape = (9, 3)  (modelo iasp91)

┌─[16:20:33 |    0.6s] Construyendo modelo de inversion
│  [32m✓[0m NAInversionModel listo
│  NA: 10 iter · SS1=1000 · SS=200 · resample=8 → ~3000 modelos directos

┌─[16:20:33 |    0.6s] Corriendo busqueda NA  (esto puede tardar)
[NA] Starting search: ni=1000, ns=200, n=10, nr=8 -> expected evaluations=3000 (n_jobs=1)
NAI - Initial Random Search
[NA] iter=00000 eval=00001 misfit=8.409825e-01 best=8.409825e-01
[NA] iter=00000 eval=00002 misfit=1.555794e+01 best=8.409825e-01
[NA] iter=00000 eval=00003 misfit=9.071473e-01 best=8.409825e-01
[NA] iter=00000 eval=00004 misfit=1.120108e+00 best=8.409825e-01
[NA] iter=00000 eval=00005 misfit=3.427794e+00 best=8.409825e-01
[NA] iter=00000 eval=00006 misfit=8.566023e-01 best=8.409825e-01
[NA] iter=00000 eval=00007 misfit=1.495955e+00 best=8.409825e-01
[NA] iter=00000 eval=00008 misfit=2.347784e+00 best=8.409825e-01
[NA] iter=00000 eval=00009 misfit=1.945466e+00 best=8.409825e-01
[NA] iter=00000 eval=00010 misfit=1.309794e+00 best=8.409825e-01
[NA] iter=00000 eval=00011 misfit=1.757931e+01 best=8.409825e-01
[NA] iter=00000 eval=00012 misfit=8.270746e-01 best=8.270746e-01
[NA] iter=00000 eval=00013 misfit=1.728332e+00 best=8.270746e-01
[NA] iter=00000 eval=00014 misfit=8.015491e-01 best=8.015491e-01
[NA] iter=00000 eval=00015 misfit=8.432754e-01 best=8.015491e-01
[NA] iter=00000 eval=00016 misfit=8.212814e-01 best=8.015491e-01
[NA] iter=00000 eval=00017 misfit=1.125033e+00 best=8.015491e-01
[NA] iter=00000 eval=00018 misfit=5.039924e+00 best=8.015491e-01
[NA] iter=00000 eval=00019 misfit=8.443137e-01 best=8.015491e-01
[NA] iter=00000 eval=00020 misfit=8.751013e-01 best=8.015491e-01
[NA] iter=00000 eval=00021 misfit=1.330199e+00 best=8.015491e-01
[NA] iter=00000 eval=00022 misfit=9.109690e-01 best=8.015491e-01
[NA] iter=00000 eval=00023 misfit=3.852571e+00 best=8.015491e-01
[NA] iter=00000 eval=00024 misfit=3.842715e+00 best=8.015491e-01
[NA] iter=00000 eval=00025 misfit=8.234607e-01 best=8.015491e-01
[NA] iter=00000 eval=00026 misfit=8.796985e-01 best=8.015491e-01
[NA] iter=00000 eval=00027 misfit=1.525609e+01 best=8.015491e-01
[NA] iter=00000 eval=00028 misfit=8.127957e+00 best=8.015491e-01
[NA] iter=00000 eval=00029 misfit=3.289790e+00 best=8.015491e-01
[NA] iter=00000 eval=00030 misfit=7.845509e-01 best=7.845509e-01
[NA] iter=00000 eval=00031 misfit=1.606371e+00 best=7.845509e-01
[NA] iter=00000 eval=00032 misfit=8.155162e-01 best=7.845509e-01
[NA] iter=00000 eval=00033 misfit=1.526224e+00 best=7.845509e-01
[NA] iter=00000 eval=00034 misfit=1.614188e+00 best=7.845509e-01
[NA] iter=00000 eval=00035 misfit=1.539139e+01 best=7.845509e-01
[NA] iter=00000 eval=00036 misfit=1.622197e+00 best=7.845509e-01
[NA] iter=00000 eval=00037 misfit=9.452376e-01 best=7.845509e-01
[NA] iter=00000 eval=00038 misfit=8.073737e-01 best=7.845509e-01
[NA] iter=00000 eval=00039 misfit=8.009306e-01 best=7.845509e-01
[NA] iter=00000 eval=00040 misfit=8.277783e-01 best=7.845509e-01
[NA] iter=00000 eval=00041 misfit=1.313976e+00 best=7.845509e-01
[NA] iter=00000 eval=00042 misfit=1.380454e+00 best=7.845509e-01
[NA] iter=00000 eval=00043 misfit=1.573153e+00 best=7.845509e-01
[NA] iter=00000 eval=00044 misfit=1.096770e+00 best=7.845509e-01
[NA] iter=00000 eval=00045 misfit=1.232463e+00 best=7.845509e-01
[NA] iter=00000 eval=00046 misfit=3.956740e+00 best=7.845509e-01
[NA] iter=00000 eval=00047 misfit=1.067188e+00 best=7.845509e-01
[NA] iter=00000 eval=00048 misfit=8.194047e-01 best=7.845509e-01
[NA] iter=00000 eval=00049 misfit=7.813022e-01 best=7.813022e-01
[NA] iter=00000 eval=00050 misfit=4.390025e+00 best=7.813022e-01
[NA] iter=00000 eval=00051 misfit=1.806919e+00 best=7.813022e-01
[NA] iter=00000 eval=00052 misfit=1.030189e+00 best=7.813022e-01
[NA] iter=00000 eval=00053 misfit=1.494211e+01 best=7.813022e-01
[NA] iter=00000 eval=00054 misfit=8.423175e-01 best=7.813022e-01
[NA] iter=00000 eval=00055 misfit=2.119859e+00 best=7.813022e-01
[NA] iter=00000 eval=00056 misfit=1.033275e+00 best=7.813022e-01
[NA] iter=00000 eval=00057 misfit=8.533925e-01 best=7.813022e-01
[NA] iter=00000 eval=00058 misfit=9.081843e-01 best=7.813022e-01
[NA] iter=00000 eval=00059 misfit=2.335780e+00 best=7.813022e-01
[NA] iter=00000 eval=00060 misfit=3.578278e+00 best=7.813022e-01
[NA] iter=00000 eval=00061 misfit=1.323869e+00 best=7.813022e-01
[NA] iter=00000 eval=00062 misfit=8.403376e-01 best=7.813022e-01
[NA] iter=00000 eval=00063 misfit=2.042321e+00 best=7.813022e-01
[NA] iter=00000 eval=00064 misfit=7.706390e+00 best=7.813022e-01
[NA] iter=00000 eval=00065 misfit=3.704160e+00 best=7.813022e-01
[NA] iter=00000 eval=00066 misfit=9.187695e-01 best=7.813022e-01
[NA] iter=00000 eval=00067 misfit=9.056416e-01 best=7.813022e-01
[NA] iter=00000 eval=00068 misfit=1.280859e+00 best=7.813022e-01
Model evaluation failed: cannot unpack non-iterable NoneType object
rm: cannot remove 'axi_950.*': No such file or directory
[NA] iter=00000 eval=00069 misfit=1.000000e+10 best=7.813022e-01
[NA] iter=00000 eval=00070 misfit=1.018561e+00 best=7.813022e-01
[NA] iter=00000 eval=00071 misfit=4.141121e+00 best=7.813022e-01
[NA] iter=00000 eval=00072 misfit=2.798540e+00 best=7.813022e-01
[NA] iter=00000 eval=00073 misfit=1.939123e+00 best=7.813022e-01
[NA] iter=00000 eval=00074 misfit=8.360439e-01 best=7.813022e-01
[NA] iter=00000 eval=00075 misfit=1.121097e+00 best=7.813022e-01
[NA] iter=00000 eval=00076 misfit=1.117892e+00 best=7.813022e-01
[NA] iter=00000 eval=00077 misfit=3.506655e+00 best=7.813022e-01
[NA] iter=00000 eval=00078 misfit=9.403650e-01 best=7.813022e-01
[NA] iter=00000 eval=00079 misfit=1.493746e+00 best=7.813022e-01
[NA] iter=00000 eval=00080 misfit=3.112692e+00 best=7.813022e-01
[NA] iter=00000 eval=00081 misfit=1.160793e+00 best=7.813022e-01
[NA] iter=00000 eval=00082 misfit=1.641250e+00 best=7.813022e-01
[NA] iter=00000 eval=00083 misfit=8.583583e-01 best=7.813022e-01
[NA] iter=00000 eval=00084 misfit=2.790134e+00 best=7.813022e-01
[NA] iter=00000 eval=00085 misfit=8.104406e-01 best=7.813022e-01
[NA] iter=00000 eval=00086 misfit=8.448129e-01 best=7.813022e-01
[NA] iter=00000 eval=00087 misfit=4.689915e+00 best=7.813022e-01
[NA] iter=00000 eval=00088 misfit=6.015966e+00 best=7.813022e-01
[NA] iter=00000 eval=00089 misfit=8.887460e-01 best=7.813022e-01
[NA] iter=00000 eval=00090 misfit=9.273460e-01 best=7.813022e-01
[NA] iter=00000 eval=00091 misfit=9.218160e-01 best=7.813022e-01
[NA] iter=00000 eval=00092 misfit=1.953802e+00 best=7.813022e-01
[NA] iter=00000 eval=00093 misfit=1.283988e+00 best=7.813022e-01
[NA] iter=00000 eval=00094 misfit=5.300192e+00 best=7.813022e-01
[NA] iter=00000 eval=00095 misfit=2.328956e+00 best=7.813022e-01
[NA] iter=00000 eval=00096 misfit=1.040769e+00 best=7.813022e-01
[NA] iter=00000 eval=00097 misfit=1.817892e+01 best=7.813022e-01
[NA] iter=00000 eval=00098 misfit=1.019212e+00 best=7.813022e-01
[NA] iter=00000 eval=00099 misfit=8.637176e+00 best=7.813022e-01
[NA] iter=00000 eval=00100 misfit=2.063650e+00 best=7.813022e-01
[NA] iter=00000 eval=00101 misfit=2.801617e+00 best=7.813022e-01
[NA] iter=00000 eval=00102 misfit=2.247038e+00 best=7.813022e-01
[NA] iter=00000 eval=00103 misfit=9.233809e-01 best=7.813022e-01
[NA] iter=00000 eval=00104 misfit=2.186410e+00 best=7.813022e-01
[NA] iter=00000 eval=00105 misfit=1.416480e+01 best=7.813022e-01
[NA] iter=00000 eval=00106 misfit=1.037146e+00 best=7.813022e-01
[NA] iter=00000 eval=00107 misfit=2.833324e+00 best=7.813022e-01
[NA] iter=00000 eval=00108 misfit=8.728242e-01 best=7.813022e-01
[NA] iter=00000 eval=00109 misfit=1.776219e+01 best=7.813022e-01
[NA] iter=00000 eval=00110 misfit=8.424063e-01 best=7.813022e-01
[NA] iter=00000 eval=00111 misfit=8.545055e-01 best=7.813022e-01
[NA] iter=00000 eval=00112 misfit=9.494331e-01 best=7.813022e-01
[NA] iter=00000 eval=00113 misfit=8.876005e-01 best=7.813022e-01
[NA] iter=00000 eval=00114 misfit=1.348869e+01 best=7.813022e-01
[NA] iter=00000 eval=00115 misfit=1.140310e+00 best=7.813022e-01
[NA] iter=00000 eval=00116 misfit=3.574484e+00 best=7.813022e-01
[NA] iter=00000 eval=00117 misfit=8.713828e-01 best=7.813022e-01
[NA] iter=00000 eval=00118 misfit=8.315113e-01 best=7.813022e-01
[NA] iter=00000 eval=00119 misfit=4.201653e+00 best=7.813022e-01
[NA] iter=00000 eval=00120 misfit=9.205900e+00 best=7.813022e-01
[NA] iter=00000 eval=00121 misfit=2.739143e+00 best=7.813022e-01
[NA] iter=00000 eval=00122 misfit=8.638785e-01 best=7.813022e-01
[NA] iter=00000 eval=00123 misfit=1.025408e+01 best=7.813022e-01
[NA] iter=00000 eval=00124 misfit=7.991967e-01 best=7.813022e-01
[NA] iter=00000 eval=00125 misfit=8.899737e-01 best=7.813022e-01
[NA] iter=00000 eval=00126 misfit=8.829838e-01 best=7.813022e-01
[NA] iter=00000 eval=00127 misfit=9.105223e-01 best=7.813022e-01
[NA] iter=00000 eval=00128 misfit=8.691896e-01 best=7.813022e-01
[NA] iter=00000 eval=00129 misfit=8.268251e-01 best=7.813022e-01
[NA] iter=00000 eval=00130 misfit=2.888490e+00 best=7.813022e-01
[NA] iter=00000 eval=00131 misfit=5.745935e+00 best=7.813022e-01
[NA] iter=00000 eval=00132 misfit=3.331948e+00 best=7.813022e-01
[NA] iter=00000 eval=00133 misfit=9.250236e+00 best=7.813022e-01
[NA] iter=00000 eval=00134 misfit=4.889013e+00 best=7.813022e-01
[NA] iter=00000 eval=00135 misfit=9.458276e+00 best=7.813022e-01
[NA] iter=00000 eval=00136 misfit=7.984260e-01 best=7.813022e-01
[NA] iter=00000 eval=00137 misfit=8.406057e+00 best=7.813022e-01
[NA] iter=00000 eval=00138 misfit=9.449507e-01 best=7.813022e-01
[NA] iter=00000 eval=00139 misfit=8.595546e-01 best=7.813022e-01
[NA] iter=00000 eval=00140 misfit=8.171336e-01 best=7.813022e-01
[NA] iter=00000 eval=00141 misfit=8.759747e-01 best=7.813022e-01
[NA] iter=00000 eval=00142 misfit=1.141980e+00 best=7.813022e-01
[NA] iter=00000 eval=00143 misfit=4.102965e+00 best=7.813022e-01
[NA] iter=00000 eval=00144 misfit=7.662293e+00 best=7.813022e-01
[NA] iter=00000 eval=00145 misfit=7.628207e-01 best=7.628207e-01
[NA] iter=00000 eval=00146 misfit=8.662710e-01 best=7.628207e-01
[NA] iter=00000 eval=00147 misfit=8.173426e-01 best=7.628207e-01
[NA] iter=00000 eval=00148 misfit=2.780605e+00 best=7.628207e-01
[NA] iter=00000 eval=00149 misfit=7.213941e+00 best=7.628207e-01
[NA] iter=00000 eval=00150 misfit=2.457309e+00 best=7.628207e-01
[NA] iter=00000 eval=00151 misfit=8.011068e-01 best=7.628207e-01
[NA] iter=00000 eval=00152 misfit=8.186062e-01 best=7.628207e-01
[NA] iter=00000 eval=00153 misfit=7.547548e-01 best=7.547548e-01
[NA] iter=00000 eval=00154 misfit=1.005108e+00 best=7.547548e-01
[NA] iter=00000 eval=00155 misfit=9.101317e-01 best=7.547548e-01
[NA] iter=00000 eval=00156 misfit=1.221703e+01 best=7.547548e-01
[NA] iter=00000 eval=00157 misfit=8.381271e-01 best=7.547548e-01
[NA] iter=00000 eval=00158 misfit=9.318166e+00 best=7.547548e-01
[NA] iter=00000 eval=00159 misfit=2.250455e+00 best=7.547548e-01
[NA] iter=00000 eval=00160 misfit=1.576287e+00 best=7.547548e-01
[NA] iter=00000 eval=00161 misfit=8.852956e-01 best=7.547548e-01
[NA] iter=00000 eval=00162 misfit=8.203142e-01 best=7.547548e-01
[NA] iter=00000 eval=00163 misfit=1.008692e+00 best=7.547548e-01
[NA] iter=00000 eval=00164 misfit=8.114127e-01 best=7.547548e-01
[NA] iter=00000 eval=00165 misfit=1.281660e+00 best=7.547548e-01
[NA] iter=00000 eval=00166 misfit=2.660079e+00 best=7.547548e-01
[NA] iter=00000 eval=00167 misfit=8.357069e-01 best=7.547548e-01
[NA] iter=00000 eval=00168 misfit=3.455954e+00 best=7.547548e-01
[NA] iter=00000 eval=00169 misfit=8.379863e-01 best=7.547548e-01
[NA] iter=00000 eval=00170 misfit=3.912927e+00 best=7.547548e-01
[NA] iter=00000 eval=00171 misfit=7.870961e+00 best=7.547548e-01
[NA] iter=00000 eval=00172 misfit=3.117751e+00 best=7.547548e-01
[NA] iter=00000 eval=00173 misfit=5.831563e+00 best=7.547548e-01
[NA] iter=00000 eval=00174 misfit=8.417959e-01 best=7.547548e-01
[NA] iter=00000 eval=00175 misfit=3.335740e+00 best=7.547548e-01
[NA] iter=00000 eval=00176 misfit=7.975962e-01 best=7.547548e-01
[NA] iter=00000 eval=00177 misfit=1.376111e+00 best=7.547548e-01
[NA] iter=00000 eval=00178 misfit=1.227137e+00 best=7.547548e-01
[NA] iter=00000 eval=00179 misfit=8.123058e-01 best=7.547548e-01
[NA] iter=00000 eval=00180 misfit=9.439246e-01 best=7.547548e-01
[NA] iter=00000 eval=00181 misfit=9.165392e-01 best=7.547548e-01
[NA] iter=00000 eval=00182 misfit=2.888549e+00 best=7.547548e-01
[NA] iter=00000 eval=00183 misfit=1.616484e+00 best=7.547548e-01
[NA] iter=00000 eval=00184 misfit=8.987269e-01 best=7.547548e-01
[NA] iter=00000 eval=00185 misfit=8.660269e-01 best=7.547548e-01
[NA] iter=00000 eval=00186 misfit=9.270184e-01 best=7.547548e-01
[NA] iter=00000 eval=00187 misfit=9.453090e-01 best=7.547548e-01
[NA] iter=00000 eval=00188 misfit=3.851274e+00 best=7.547548e-01
[NA] iter=00000 eval=00189 misfit=1.166558e+00 best=7.547548e-01
[NA] iter=00000 eval=00190 misfit=9.138202e-01 best=7.547548e-01
[NA] iter=00000 eval=00191 misfit=1.701373e+00 best=7.547548e-01
[NA] iter=00000 eval=00192 misfit=8.309636e-01 best=7.547548e-01
[NA] iter=00000 eval=00193 misfit=8.176420e-01 best=7.547548e-01
[NA] iter=00000 eval=00194 misfit=8.119671e-01 best=7.547548e-01
[NA] iter=00000 eval=00195 misfit=1.075279e+00 best=7.547548e-01
[NA] iter=00000 eval=00196 misfit=4.597616e+00 best=7.547548e-01
[NA] iter=00000 eval=00197 misfit=1.217303e+00 best=7.547548e-01
[NA] iter=00000 eval=00198 misfit=8.237133e-01 best=7.547548e-01
[NA] iter=00000 eval=00199 misfit=8.610604e-01 best=7.547548e-01
[NA] iter=00000 eval=00200 misfit=8.161686e-01 best=7.547548e-01
[NA] iter=00000 eval=00201 misfit=9.044038e-01 best=7.547548e-01
[NA] iter=00000 eval=00202 misfit=2.235877e+00 best=7.547548e-01
[NA] iter=00000 eval=00203 misfit=1.577916e+01 best=7.547548e-01
[NA] iter=00000 eval=00204 misfit=8.177785e-01 best=7.547548e-01
[NA] iter=00000 eval=00205 misfit=3.602816e+00 best=7.547548e-01
[NA] iter=00000 eval=00206 misfit=3.317840e+00 best=7.547548e-01
[NA] iter=00000 eval=00207 misfit=8.662250e-01 best=7.547548e-01
[NA] iter=00000 eval=00208 misfit=9.019208e+00 best=7.547548e-01
[NA] iter=00000 eval=00209 misfit=3.345168e+01 best=7.547548e-01
[NA] iter=00000 eval=00210 misfit=9.091782e-01 best=7.547548e-01
[NA] iter=00000 eval=00211 misfit=1.357034e+01 best=7.547548e-01
[NA] iter=00000 eval=00212 misfit=2.305951e+00 best=7.547548e-01
[NA] iter=00000 eval=00213 misfit=1.224466e+00 best=7.547548e-01
[NA] iter=00000 eval=00214 misfit=6.854456e+00 best=7.547548e-01
[NA] iter=00000 eval=00215 misfit=2.837655e+00 best=7.547548e-01
[NA] iter=00000 eval=00216 misfit=1.049380e+01 best=7.547548e-01
[NA] iter=00000 eval=00217 misfit=9.875912e-01 best=7.547548e-01
[NA] iter=00000 eval=00218 misfit=1.827840e+00 best=7.547548e-01
[NA] iter=00000 eval=00219 misfit=8.550272e-01 best=7.547548e-01
[NA] iter=00000 eval=00220 misfit=9.268734e-01 best=7.547548e-01
[NA] iter=00000 eval=00221 misfit=1.329621e+01 best=7.547548e-01
[NA] iter=00000 eval=00222 misfit=8.957452e-01 best=7.547548e-01
[NA] iter=00000 eval=00223 misfit=1.781081e+00 best=7.547548e-01
[NA] iter=00000 eval=00224 misfit=4.634835e+00 best=7.547548e-01
[NA] iter=00000 eval=00225 misfit=8.568968e-01 best=7.547548e-01
[NA] iter=00000 eval=00226 misfit=1.275854e+00 best=7.547548e-01
[NA] iter=00000 eval=00227 misfit=1.707261e+00 best=7.547548e-01
[NA] iter=00000 eval=00228 misfit=9.532010e-01 best=7.547548e-01
[NA] iter=00000 eval=00229 misfit=9.261303e-01 best=7.547548e-01
[NA] iter=00000 eval=00230 misfit=9.526414e-01 best=7.547548e-01
[NA] iter=00000 eval=00231 misfit=8.452183e-01 best=7.547548e-01
[NA] iter=00000 eval=00232 misfit=1.178960e+00 best=7.547548e-01
[NA] iter=00000 eval=00233 misfit=8.685328e+00 best=7.547548e-01
[NA] iter=00000 eval=00234 misfit=8.169173e-01 best=7.547548e-01
[NA] iter=00000 eval=00235 misfit=1.325552e+00 best=7.547548e-01
[NA] iter=00000 eval=00236 misfit=7.856409e+00 best=7.547548e-01
[NA] iter=00000 eval=00237 misfit=2.115791e+00 best=7.547548e-01
[NA] iter=00000 eval=00238 misfit=1.222451e+00 best=7.547548e-01
[NA] iter=00000 eval=00239 misfit=7.804523e-01 best=7.547548e-01
[NA] iter=00000 eval=00240 misfit=1.032188e+00 best=7.547548e-01
[NA] iter=00000 eval=00241 misfit=1.068153e+00 best=7.547548e-01
[NA] iter=00000 eval=00242 misfit=1.298877e+00 best=7.547548e-01
[NA] iter=00000 eval=00243 misfit=2.436768e+00 best=7.547548e-01
[NA] iter=00000 eval=00244 misfit=6.707439e+00 best=7.547548e-01
[NA] iter=00000 eval=00245 misfit=3.117060e+00 best=7.547548e-01
[NA] iter=00000 eval=00246 misfit=1.067414e+00 best=7.547548e-01
[NA] iter=00000 eval=00247 misfit=1.093744e+00 best=7.547548e-01
[NA] iter=00000 eval=00248 misfit=8.729489e-01 best=7.547548e-01
[NA] iter=00000 eval=00249 misfit=9.689068e-01 best=7.547548e-01
[NA] iter=00000 eval=00250 misfit=1.446312e+00 best=7.547548e-01
[NA] iter=00000 eval=00251 misfit=2.354800e+00 best=7.547548e-01
[NA] iter=00000 eval=00252 misfit=1.091583e+00 best=7.547548e-01
[NA] iter=00000 eval=00253 misfit=7.332070e+00 best=7.547548e-01
[NA] iter=00000 eval=00254 misfit=7.617162e-01 best=7.547548e-01
[NA] iter=00000 eval=00255 misfit=9.008856e-01 best=7.547548e-01
[NA] iter=00000 eval=00256 misfit=9.899338e-01 best=7.547548e-01
[NA] iter=00000 eval=00257 misfit=1.404587e+00 best=7.547548e-01
[NA] iter=00000 eval=00258 misfit=8.562218e-01 best=7.547548e-01
[NA] iter=00000 eval=00259 misfit=3.328751e+00 best=7.547548e-01
[NA] iter=00000 eval=00260 misfit=1.104249e+01 best=7.547548e-01
[NA] iter=00000 eval=00261 misfit=8.842864e-01 best=7.547548e-01
[NA] iter=00000 eval=00262 misfit=1.749346e+00 best=7.547548e-01
[NA] iter=00000 eval=00263 misfit=1.531027e+00 best=7.547548e-01
[NA] iter=00000 eval=00264 misfit=8.966377e+00 best=7.547548e-01
[NA] iter=00000 eval=00265 misfit=2.449473e+00 best=7.547548e-01
[NA] iter=00000 eval=00266 misfit=6.987067e+00 best=7.547548e-01
[NA] iter=00000 eval=00267 misfit=1.201536e+00 best=7.547548e-01
[NA] iter=00000 eval=00268 misfit=8.269604e-01 best=7.547548e-01
[NA] iter=00000 eval=00269 misfit=1.132983e+00 best=7.547548e-01
[NA] iter=00000 eval=00270 misfit=9.879801e-01 best=7.547548e-01
[NA] iter=00000 eval=00271 misfit=1.441577e+00 best=7.547548e-01
[NA] iter=00000 eval=00272 misfit=1.105679e+00 best=7.547548e-01
[NA] iter=00000 eval=00273 misfit=9.737749e-01 best=7.547548e-01
[NA] iter=00000 eval=00274 misfit=2.223298e+00 best=7.547548e-01
[NA] iter=00000 eval=00275 misfit=1.383443e+00 best=7.547548e-01
[NA] iter=00000 eval=00276 misfit=2.300921e+00 best=7.547548e-01
[NA] iter=00000 eval=00277 misfit=8.201435e-01 best=7.547548e-01
[NA] iter=00000 eval=00278 misfit=8.614361e-01 best=7.547548e-01
[NA] iter=00000 eval=00279 misfit=1.730528e+01 best=7.547548e-01
[NA] iter=00000 eval=00280 misfit=8.313954e-01 best=7.547548e-01
[NA] iter=00000 eval=00281 misfit=8.174151e-01 best=7.547548e-01
[NA] iter=00000 eval=00282 misfit=8.003260e-01 best=7.547548e-01
[NA] iter=00000 eval=00283 misfit=1.982597e+00 best=7.547548e-01
[NA] iter=00000 eval=00284 misfit=8.658343e-01 best=7.547548e-01
[NA] iter=00000 eval=00285 misfit=8.367890e-01 best=7.547548e-01
[NA] iter=00000 eval=00286 misfit=1.810731e+00 best=7.547548e-01
[NA] iter=00000 eval=00287 misfit=2.675005e+00 best=7.547548e-01
[NA] iter=00000 eval=00288 misfit=3.691884e+00 best=7.547548e-01
[NA] iter=00000 eval=00289 misfit=8.929790e-01 best=7.547548e-01
[NA] iter=00000 eval=00290 misfit=4.522216e+00 best=7.547548e-01
[NA] iter=00000 eval=00291 misfit=9.026428e-01 best=7.547548e-01
[NA] iter=00000 eval=00292 misfit=8.193089e-01 best=7.547548e-01
[NA] iter=00000 eval=00293 misfit=3.186502e+01 best=7.547548e-01
[NA] iter=00000 eval=00294 misfit=4.842962e+00 best=7.547548e-01
[NA] iter=00000 eval=00295 misfit=9.070870e-01 best=7.547548e-01
[NA] iter=00000 eval=00296 misfit=8.120397e-01 best=7.547548e-01
[NA] iter=00000 eval=00297 misfit=1.626482e+00 best=7.547548e-01
[NA] iter=00000 eval=00298 misfit=8.716167e-01 best=7.547548e-01
[NA] iter=00000 eval=00299 misfit=8.679189e-01 best=7.547548e-01
[NA] iter=00000 eval=00300 misfit=9.067178e-01 best=7.547548e-01
[NA] iter=00000 eval=00301 misfit=3.397849e+00 best=7.547548e-01
[NA] iter=00000 eval=00302 misfit=1.333422e+00 best=7.547548e-01
[NA] iter=00000 eval=00303 misfit=3.320903e+00 best=7.547548e-01
[NA] iter=00000 eval=00304 misfit=3.305894e+00 best=7.547548e-01
[NA] iter=00000 eval=00305 misfit=1.347139e+01 best=7.547548e-01
[NA] iter=00000 eval=00306 misfit=1.316263e+01 best=7.547548e-01
[NA] iter=00000 eval=00307 misfit=4.584607e+00 best=7.547548e-01
[NA] iter=00000 eval=00308 misfit=8.349363e-01 best=7.547548e-01
[NA] iter=00000 eval=00309 misfit=8.627359e+00 best=7.547548e-01
[NA] iter=00000 eval=00310 misfit=9.808378e+00 best=7.547548e-01
[NA] iter=00000 eval=00311 misfit=1.549844e+01 best=7.547548e-01
[NA] iter=00000 eval=00312 misfit=9.503496e-01 best=7.547548e-01
[NA] iter=00000 eval=00313 misfit=1.033844e+00 best=7.547548e-01
[NA] iter=00000 eval=00314 misfit=2.415447e+00 best=7.547548e-01
[NA] iter=00000 eval=00315 misfit=9.098420e-01 best=7.547548e-01
[NA] iter=00000 eval=00316 misfit=1.834331e+00 best=7.547548e-01
[NA] iter=00000 eval=00317 misfit=1.437060e+00 best=7.547548e-01
[NA] iter=00000 eval=00318 misfit=2.836952e+00 best=7.547548e-01
[NA] iter=00000 eval=00319 misfit=4.879464e+00 best=7.547548e-01
[NA] iter=00000 eval=00320 misfit=1.572122e+00 best=7.547548e-01
[NA] iter=00000 eval=00321 misfit=9.036096e-01 best=7.547548e-01
[NA] iter=00000 eval=00322 misfit=2.188609e+00 best=7.547548e-01
[NA] iter=00000 eval=00323 misfit=1.059444e+00 best=7.547548e-01
[NA] iter=00000 eval=00324 misfit=1.589162e+00 best=7.547548e-01
[NA] iter=00000 eval=00325 misfit=2.512932e+00 best=7.547548e-01
[NA] iter=00000 eval=00326 misfit=8.646929e-01 best=7.547548e-01
[NA] iter=00000 eval=00327 misfit=1.288899e+00 best=7.547548e-01
[NA] iter=00000 eval=00328 misfit=8.498654e-01 best=7.547548e-01
[NA] iter=00000 eval=00329 misfit=1.591927e+00 best=7.547548e-01
[NA] iter=00000 eval=00330 misfit=1.475415e+01 best=7.547548e-01
[NA] iter=00000 eval=00331 misfit=4.807306e+00 best=7.547548e-01
[NA] iter=00000 eval=00332 misfit=1.663898e+00 best=7.547548e-01
[NA] iter=00000 eval=00333 misfit=4.275033e+00 best=7.547548e-01
[NA] iter=00000 eval=00334 misfit=1.514665e+00 best=7.547548e-01
[NA] iter=00000 eval=00335 misfit=7.251188e+00 best=7.547548e-01
[NA] iter=00000 eval=00336 misfit=7.981844e-01 best=7.547548e-01
[NA] iter=00000 eval=00337 misfit=9.562120e-01 best=7.547548e-01
[NA] iter=00000 eval=00338 misfit=2.140530e+01 best=7.547548e-01
[NA] iter=00000 eval=00339 misfit=9.933766e-01 best=7.547548e-01
[NA] iter=00000 eval=00340 misfit=8.275391e-01 best=7.547548e-01
[NA] iter=00000 eval=00341 misfit=8.077577e-01 best=7.547548e-01
[NA] iter=00000 eval=00342 misfit=7.869181e-01 best=7.547548e-01
[NA] iter=00000 eval=00343 misfit=1.223638e+00 best=7.547548e-01
[NA] iter=00000 eval=00344 misfit=9.243729e-01 best=7.547548e-01
[NA] iter=00000 eval=00345 misfit=8.781797e-01 best=7.547548e-01
[NA] iter=00000 eval=00346 misfit=6.948143e+00 best=7.547548e-01
[NA] iter=00000 eval=00347 misfit=8.368104e-01 best=7.547548e-01
[NA] iter=00000 eval=00348 misfit=9.175543e-01 best=7.547548e-01
[NA] iter=00000 eval=00349 misfit=8.516170e-01 best=7.547548e-01
[NA] iter=00000 eval=00350 misfit=1.565652e+00 best=7.547548e-01
[NA] iter=00000 eval=00351 misfit=4.438374e+00 best=7.547548e-01
[NA] iter=00000 eval=00352 misfit=1.695989e+00 best=7.547548e-01
[NA] iter=00000 eval=00353 misfit=9.014108e-01 best=7.547548e-01
[NA] iter=00000 eval=00354 misfit=8.192165e-01 best=7.547548e-01
[NA] iter=00000 eval=00355 misfit=3.413179e+00 best=7.547548e-01
[NA] iter=00000 eval=00356 misfit=4.584893e+00 best=7.547548e-01
[NA] iter=00000 eval=00357 misfit=4.031084e+00 best=7.547548e-01
[NA] iter=00000 eval=00358 misfit=1.020702e+00 best=7.547548e-01
[NA] iter=00000 eval=00359 misfit=3.641062e+00 best=7.547548e-01
[NA] iter=00000 eval=00360 misfit=1.201002e+00 best=7.547548e-01
[NA] iter=00000 eval=00361 misfit=8.246258e-01 best=7.547548e-01
[NA] iter=00000 eval=00362 misfit=1.205880e+00 best=7.547548e-01
[NA] iter=00000 eval=00363 misfit=2.083596e+00 best=7.547548e-01
[NA] iter=00000 eval=00364 misfit=1.790397e+00 best=7.547548e-01
[NA] iter=00000 eval=00365 misfit=2.865388e+00 best=7.547548e-01
[NA] iter=00000 eval=00366 misfit=1.267712e+00 best=7.547548e-01
[NA] iter=00000 eval=00367 misfit=9.547411e-01 best=7.547548e-01
[NA] iter=00000 eval=00368 misfit=1.847554e+00 best=7.547548e-01
[NA] iter=00000 eval=00369 misfit=7.515672e-01 best=7.515672e-01
[NA] iter=00000 eval=00370 misfit=8.853050e-01 best=7.515672e-01
[NA] iter=00000 eval=00371 misfit=2.208428e+00 best=7.515672e-01
[NA] iter=00000 eval=00372 misfit=1.118928e+00 best=7.515672e-01
[NA] iter=00000 eval=00373 misfit=8.267864e-01 best=7.515672e-01
[NA] iter=00000 eval=00374 misfit=6.724578e+00 best=7.515672e-01
[NA] iter=00000 eval=00375 misfit=2.454200e+00 best=7.515672e-01
[NA] iter=00000 eval=00376 misfit=2.406840e+00 best=7.515672e-01
[NA] iter=00000 eval=00377 misfit=1.873397e+01 best=7.515672e-01
[NA] iter=00000 eval=00378 misfit=2.523674e+00 best=7.515672e-01
[NA] iter=00000 eval=00379 misfit=8.757949e-01 best=7.515672e-01
[NA] iter=00000 eval=00380 misfit=4.982024e+00 best=7.515672e-01
[NA] iter=00000 eval=00381 misfit=1.828157e+00 best=7.515672e-01
[NA] iter=00000 eval=00382 misfit=6.752421e+00 best=7.515672e-01
[NA] iter=00000 eval=00383 misfit=2.481314e+00 best=7.515672e-01
[NA] iter=00000 eval=00384 misfit=1.156847e+00 best=7.515672e-01
[NA] iter=00000 eval=00385 misfit=8.465037e-01 best=7.515672e-01
[NA] iter=00000 eval=00386 misfit=8.595182e-01 best=7.515672e-01
[NA] iter=00000 eval=00387 misfit=3.248886e+00 best=7.515672e-01
[NA] iter=00000 eval=00388 misfit=8.263553e-01 best=7.515672e-01
[NA] iter=00000 eval=00389 misfit=1.012256e+01 best=7.515672e-01
[NA] iter=00000 eval=00390 misfit=2.042460e+00 best=7.515672e-01
[NA] iter=00000 eval=00391 misfit=8.758842e-01 best=7.515672e-01
[NA] iter=00000 eval=00392 misfit=8.649023e-01 best=7.515672e-01
[NA] iter=00000 eval=00393 misfit=8.842983e-01 best=7.515672e-01
[NA] iter=00000 eval=00394 misfit=8.392489e-01 best=7.515672e-01
[NA] iter=00000 eval=00395 misfit=8.063059e-01 best=7.515672e-01
[NA] iter=00000 eval=00396 misfit=8.553299e+00 best=7.515672e-01
[NA] iter=00000 eval=00397 misfit=7.796403e-01 best=7.515672e-01
[NA] iter=00000 eval=00398 misfit=4.928868e+00 best=7.515672e-01
[NA] iter=00000 eval=00399 misfit=4.398027e+00 best=7.515672e-01
[NA] iter=00000 eval=00400 misfit=1.864011e+00 best=7.515672e-01
[NA] iter=00000 eval=00401 misfit=2.925041e+00 best=7.515672e-01
[NA] iter=00000 eval=00402 misfit=8.289955e-01 best=7.515672e-01
[NA] iter=00000 eval=00403 misfit=7.862673e-01 best=7.515672e-01
[NA] iter=00000 eval=00404 misfit=1.374755e+00 best=7.515672e-01
[NA] iter=00000 eval=00405 misfit=9.774620e+00 best=7.515672e-01
[NA] iter=00000 eval=00406 misfit=8.957666e-01 best=7.515672e-01
[NA] iter=00000 eval=00407 misfit=1.298342e+01 best=7.515672e-01
[NA] iter=00000 eval=00408 misfit=7.955318e-01 best=7.515672e-01
[NA] iter=00000 eval=00409 misfit=9.113806e-01 best=7.515672e-01
[NA] iter=00000 eval=00410 misfit=8.091643e-01 best=7.515672e-01
[NA] iter=00000 eval=00411 misfit=9.933858e-01 best=7.515672e-01
[NA] iter=00000 eval=00412 misfit=2.250762e+00 best=7.515672e-01
[NA] iter=00000 eval=00413 misfit=9.437059e-01 best=7.515672e-01
[NA] iter=00000 eval=00414 misfit=3.125844e+00 best=7.515672e-01
[NA] iter=00000 eval=00415 misfit=7.667675e-01 best=7.515672e-01
[NA] iter=00000 eval=00416 misfit=9.106537e-01 best=7.515672e-01
[NA] iter=00000 eval=00417 misfit=6.585025e+00 best=7.515672e-01
[NA] iter=00000 eval=00418 misfit=8.385256e-01 best=7.515672e-01
[NA] iter=00000 eval=00419 misfit=7.843876e-01 best=7.515672e-01
[NA] iter=00000 eval=00420 misfit=2.323912e+01 best=7.515672e-01
[NA] iter=00000 eval=00421 misfit=9.341044e-01 best=7.515672e-01
[NA] iter=00000 eval=00422 misfit=1.862222e+00 best=7.515672e-01
[NA] iter=00000 eval=00423 misfit=9.038237e-01 best=7.515672e-01
[NA] iter=00000 eval=00424 misfit=6.443559e+00 best=7.515672e-01
[NA] iter=00000 eval=00425 misfit=1.004579e+00 best=7.515672e-01
[NA] iter=00000 eval=00426 misfit=1.128926e+00 best=7.515672e-01
[NA] iter=00000 eval=00427 misfit=3.752989e+00 best=7.515672e-01
[NA] iter=00000 eval=00428 misfit=2.939015e+00 best=7.515672e-01
[NA] iter=00000 eval=00429 misfit=8.646793e-01 best=7.515672e-01
[NA] iter=00000 eval=00430 misfit=1.043079e+00 best=7.515672e-01
[NA] iter=00000 eval=00431 misfit=4.191573e+00 best=7.515672e-01
[NA] iter=00000 eval=00432 misfit=9.466889e-01 best=7.515672e-01
[NA] iter=00000 eval=00433 misfit=1.224343e+00 best=7.515672e-01
[NA] iter=00000 eval=00434 misfit=1.688643e+00 best=7.515672e-01
[NA] iter=00000 eval=00435 misfit=1.968144e+00 best=7.515672e-01
[NA] iter=00000 eval=00436 misfit=1.469472e+00 best=7.515672e-01
[NA] iter=00000 eval=00437 misfit=8.293537e-01 best=7.515672e-01
[NA] iter=00000 eval=00438 misfit=1.895698e+00 best=7.515672e-01
[NA] iter=00000 eval=00439 misfit=1.887151e+00 best=7.515672e-01
[NA] iter=00000 eval=00440 misfit=9.146514e-01 best=7.515672e-01
[NA] iter=00000 eval=00441 misfit=1.052707e+00 best=7.515672e-01
[NA] iter=00000 eval=00442 misfit=8.074414e+00 best=7.515672e-01
[NA] iter=00000 eval=00443 misfit=1.339482e+00 best=7.515672e-01
[NA] iter=00000 eval=00444 misfit=3.265725e+00 best=7.515672e-01
[NA] iter=00000 eval=00445 misfit=4.262350e+00 best=7.515672e-01
[NA] iter=00000 eval=00446 misfit=6.613555e+00 best=7.515672e-01
[NA] iter=00000 eval=00447 misfit=1.156975e+00 best=7.515672e-01
[NA] iter=00000 eval=00448 misfit=8.499499e-01 best=7.515672e-01
[NA] iter=00000 eval=00449 misfit=9.085307e-01 best=7.515672e-01
[NA] iter=00000 eval=00450 misfit=1.085343e+00 best=7.515672e-01
[NA] iter=00000 eval=00451 misfit=1.443755e+01 best=7.515672e-01
[NA] iter=00000 eval=00452 misfit=1.128507e+00 best=7.515672e-01
[NA] iter=00000 eval=00453 misfit=7.989283e-01 best=7.515672e-01
[NA] iter=00000 eval=00454 misfit=8.861649e-01 best=7.515672e-01
[NA] iter=00000 eval=00455 misfit=9.794977e+00 best=7.515672e-01
[NA] iter=00000 eval=00456 misfit=9.154547e-01 best=7.515672e-01
[NA] iter=00000 eval=00457 misfit=6.029746e+00 best=7.515672e-01
[NA] iter=00000 eval=00458 misfit=8.844540e-01 best=7.515672e-01
[NA] iter=00000 eval=00459 misfit=8.615305e-01 best=7.515672e-01
[NA] iter=00000 eval=00460 misfit=2.809000e+00 best=7.515672e-01
[NA] iter=00000 eval=00461 misfit=1.065665e+00 best=7.515672e-01
[NA] iter=00000 eval=00462 misfit=9.719637e-01 best=7.515672e-01
[NA] iter=00000 eval=00463 misfit=1.871378e+00 best=7.515672e-01
[NA] iter=00000 eval=00464 misfit=1.387303e+01 best=7.515672e-01
[NA] iter=00000 eval=00465 misfit=8.685283e-01 best=7.515672e-01
[NA] iter=00000 eval=00466 misfit=8.486935e+00 best=7.515672e-01
[NA] iter=00000 eval=00467 misfit=2.344515e+00 best=7.515672e-01
[NA] iter=00000 eval=00468 misfit=8.763433e-01 best=7.515672e-01
[NA] iter=00000 eval=00469 misfit=9.273095e-01 best=7.515672e-01
[NA] iter=00000 eval=00470 misfit=1.595264e+00 best=7.515672e-01
[NA] iter=00000 eval=00471 misfit=8.029913e-01 best=7.515672e-01
[NA] iter=00000 eval=00472 misfit=1.073523e+00 best=7.515672e-01
[NA] iter=00000 eval=00473 misfit=7.906159e-01 best=7.515672e-01
[NA] iter=00000 eval=00474 misfit=8.160710e-01 best=7.515672e-01
[NA] iter=00000 eval=00475 misfit=1.775956e+00 best=7.515672e-01
[NA] iter=00000 eval=00476 misfit=1.547681e+00 best=7.515672e-01
[NA] iter=00000 eval=00477 misfit=2.682359e+00 best=7.515672e-01
[NA] iter=00000 eval=00478 misfit=8.286636e+00 best=7.515672e-01
[NA] iter=00000 eval=00479 misfit=8.977970e-01 best=7.515672e-01
[NA] iter=00000 eval=00480 misfit=1.456918e+01 best=7.515672e-01
[NA] iter=00000 eval=00481 misfit=8.023258e-01 best=7.515672e-01
[NA] iter=00000 eval=00482 misfit=9.554760e-01 best=7.515672e-01
[NA] iter=00000 eval=00483 misfit=9.013378e-01 best=7.515672e-01
[NA] iter=00000 eval=00484 misfit=5.260944e+00 best=7.515672e-01
[NA] iter=00000 eval=00485 misfit=2.812963e+00 best=7.515672e-01
[NA] iter=00000 eval=00486 misfit=1.379331e+00 best=7.515672e-01
[NA] iter=00000 eval=00487 misfit=1.408484e+01 best=7.515672e-01
[NA] iter=00000 eval=00488 misfit=1.067233e+00 best=7.515672e-01
[NA] iter=00000 eval=00489 misfit=1.391682e+01 best=7.515672e-01
[NA] iter=00000 eval=00490 misfit=8.928188e-01 best=7.515672e-01
[NA] iter=00000 eval=00491 misfit=1.002471e+01 best=7.515672e-01
[NA] iter=00000 eval=00492 misfit=9.605985e-01 best=7.515672e-01
[NA] iter=00000 eval=00493 misfit=2.887104e+00 best=7.515672e-01
[NA] iter=00000 eval=00494 misfit=3.041026e+00 best=7.515672e-01
[NA] iter=00000 eval=00495 misfit=8.127003e-01 best=7.515672e-01
[NA] iter=00000 eval=00496 misfit=8.379629e-01 best=7.515672e-01
[NA] iter=00000 eval=00497 misfit=9.660635e-01 best=7.515672e-01
[NA] iter=00000 eval=00498 misfit=2.796257e+00 best=7.515672e-01
[NA] iter=00000 eval=00499 misfit=2.834458e+00 best=7.515672e-01
[NA] iter=00000 eval=00500 misfit=1.836773e+00 best=7.515672e-01
[NA] iter=00000 eval=00501 misfit=1.327245e+00 best=7.515672e-01
[NA] iter=00000 eval=00502 misfit=8.560916e-01 best=7.515672e-01
[NA] iter=00000 eval=00503 misfit=8.604503e-01 best=7.515672e-01
[NA] iter=00000 eval=00504 misfit=9.645587e-01 best=7.515672e-01
[NA] iter=00000 eval=00505 misfit=2.140254e+00 best=7.515672e-01
[NA] iter=00000 eval=00506 misfit=5.344228e+00 best=7.515672e-01
[NA] iter=00000 eval=00507 misfit=3.930273e+00 best=7.515672e-01
[NA] iter=00000 eval=00508 misfit=7.031764e+00 best=7.515672e-01
[NA] iter=00000 eval=00509 misfit=8.061178e-01 best=7.515672e-01
[NA] iter=00000 eval=00510 misfit=8.785233e-01 best=7.515672e-01
[NA] iter=00000 eval=00511 misfit=1.240739e+00 best=7.515672e-01
[NA] iter=00000 eval=00512 misfit=1.946397e+00 best=7.515672e-01
[NA] iter=00000 eval=00513 misfit=1.294613e+00 best=7.515672e-01
[NA] iter=00000 eval=00514 misfit=1.454548e+00 best=7.515672e-01
[NA] iter=00000 eval=00515 misfit=1.765166e+00 best=7.515672e-01
[NA] iter=00000 eval=00516 misfit=3.142445e+00 best=7.515672e-01
[NA] iter=00000 eval=00517 misfit=9.560655e-01 best=7.515672e-01
[NA] iter=00000 eval=00518 misfit=1.024762e+00 best=7.515672e-01
[NA] iter=00000 eval=00519 misfit=3.655400e+00 best=7.515672e-01
[NA] iter=00000 eval=00520 misfit=1.407495e+01 best=7.515672e-01
[NA] iter=00000 eval=00521 misfit=1.136682e+00 best=7.515672e-01
[NA] iter=00000 eval=00522 misfit=7.656872e+00 best=7.515672e-01
[NA] iter=00000 eval=00523 misfit=9.243996e-01 best=7.515672e-01
[NA] iter=00000 eval=00524 misfit=2.070204e+00 best=7.515672e-01
[NA] iter=00000 eval=00525 misfit=2.231989e+00 best=7.515672e-01
[NA] iter=00000 eval=00526 misfit=8.683340e-01 best=7.515672e-01
[NA] iter=00000 eval=00527 misfit=1.139884e+00 best=7.515672e-01
[NA] iter=00000 eval=00528 misfit=2.108988e+00 best=7.515672e-01
[NA] iter=00000 eval=00529 misfit=3.142857e+00 best=7.515672e-01
[NA] iter=00000 eval=00530 misfit=8.761035e-01 best=7.515672e-01
[NA] iter=00000 eval=00531 misfit=1.236055e+00 best=7.515672e-01
[NA] iter=00000 eval=00532 misfit=1.293289e+00 best=7.515672e-01
[NA] iter=00000 eval=00533 misfit=1.473773e+01 best=7.515672e-01
[NA] iter=00000 eval=00534 misfit=8.292138e-01 best=7.515672e-01
[NA] iter=00000 eval=00535 misfit=2.058526e+00 best=7.515672e-01
[NA] iter=00000 eval=00536 misfit=8.956278e-01 best=7.515672e-01
[NA] iter=00000 eval=00537 misfit=2.881369e+00 best=7.515672e-01
[NA] iter=00000 eval=00538 misfit=1.109956e+00 best=7.515672e-01
[NA] iter=00000 eval=00539 misfit=1.196873e+01 best=7.515672e-01
[NA] iter=00000 eval=00540 misfit=1.894822e+00 best=7.515672e-01
[NA] iter=00000 eval=00541 misfit=1.441319e+00 best=7.515672e-01
[NA] iter=00000 eval=00542 misfit=8.160638e-01 best=7.515672e-01
[NA] iter=00000 eval=00543 misfit=4.063345e+00 best=7.515672e-01
[NA] iter=00000 eval=00544 misfit=1.144316e+01 best=7.515672e-01
[NA] iter=00000 eval=00545 misfit=8.276036e-01 best=7.515672e-01
[NA] iter=00000 eval=00546 misfit=4.639092e+00 best=7.515672e-01
[NA] iter=00000 eval=00547 misfit=1.164487e+00 best=7.515672e-01
[NA] iter=00000 eval=00548 misfit=1.919698e+01 best=7.515672e-01
[NA] iter=00000 eval=00549 misfit=8.354731e-01 best=7.515672e-01
[NA] iter=00000 eval=00550 misfit=3.439688e+00 best=7.515672e-01
[NA] iter=00000 eval=00551 misfit=1.100307e+00 best=7.515672e-01
[NA] iter=00000 eval=00552 misfit=9.131668e-01 best=7.515672e-01
[NA] iter=00000 eval=00553 misfit=1.101548e+00 best=7.515672e-01
[NA] iter=00000 eval=00554 misfit=3.950905e+01 best=7.515672e-01
[NA] iter=00000 eval=00555 misfit=1.658034e+00 best=7.515672e-01
[NA] iter=00000 eval=00556 misfit=8.276538e-01 best=7.515672e-01
[NA] iter=00000 eval=00557 misfit=1.255405e+00 best=7.515672e-01
[NA] iter=00000 eval=00558 misfit=1.788885e+00 best=7.515672e-01
[NA] iter=00000 eval=00559 misfit=9.083070e-01 best=7.515672e-01
[NA] iter=00000 eval=00560 misfit=7.891077e-01 best=7.515672e-01
[NA] iter=00000 eval=00561 misfit=3.150200e+00 best=7.515672e-01
[NA] iter=00000 eval=00562 misfit=1.035562e+00 best=7.515672e-01
[NA] iter=00000 eval=00563 misfit=1.012989e+01 best=7.515672e-01
[NA] iter=00000 eval=00564 misfit=1.264009e+00 best=7.515672e-01
[NA] iter=00000 eval=00565 misfit=3.577078e+00 best=7.515672e-01
[NA] iter=00000 eval=00566 misfit=7.661627e-01 best=7.515672e-01
[NA] iter=00000 eval=00567 misfit=1.427311e+00 best=7.515672e-01
[NA] iter=00000 eval=00568 misfit=6.239392e+00 best=7.515672e-01
[NA] iter=00000 eval=00569 misfit=9.224350e-01 best=7.515672e-01
[NA] iter=00000 eval=00570 misfit=8.372622e-01 best=7.515672e-01
[NA] iter=00000 eval=00571 misfit=5.022467e+00 best=7.515672e-01
[NA] iter=00000 eval=00572 misfit=3.686464e+00 best=7.515672e-01
[NA] iter=00000 eval=00573 misfit=8.941635e-01 best=7.515672e-01
[NA] iter=00000 eval=00574 misfit=8.561979e-01 best=7.515672e-01
[NA] iter=00000 eval=00575 misfit=9.341331e-01 best=7.515672e-01
[NA] iter=00000 eval=00576 misfit=1.461762e+00 best=7.515672e-01
[NA] iter=00000 eval=00577 misfit=1.129975e+00 best=7.515672e-01
[NA] iter=00000 eval=00578 misfit=1.996785e+00 best=7.515672e-01
[NA] iter=00000 eval=00579 misfit=5.348959e+00 best=7.515672e-01
[NA] iter=00000 eval=00580 misfit=1.035073e+01 best=7.515672e-01
[NA] iter=00000 eval=00581 misfit=1.775487e+00 best=7.515672e-01
[NA] iter=00000 eval=00582 misfit=8.699429e-01 best=7.515672e-01
[NA] iter=00000 eval=00583 misfit=8.265500e-01 best=7.515672e-01
[NA] iter=00000 eval=00584 misfit=3.873881e+00 best=7.515672e-01
[NA] iter=00000 eval=00585 misfit=8.737078e-01 best=7.515672e-01
[NA] iter=00000 eval=00586 misfit=1.365874e+01 best=7.515672e-01
[NA] iter=00000 eval=00587 misfit=8.326421e-01 best=7.515672e-01
[NA] iter=00000 eval=00588 misfit=1.366993e+00 best=7.515672e-01
[NA] iter=00000 eval=00589 misfit=9.506467e-01 best=7.515672e-01
[NA] iter=00000 eval=00590 misfit=4.832087e+00 best=7.515672e-01
[NA] iter=00000 eval=00591 misfit=9.569379e-01 best=7.515672e-01
[NA] iter=00000 eval=00592 misfit=3.066566e+00 best=7.515672e-01
[NA] iter=00000 eval=00593 misfit=2.945982e+00 best=7.515672e-01
[NA] iter=00000 eval=00594 misfit=1.673347e+00 best=7.515672e-01
[NA] iter=00000 eval=00595 misfit=1.257243e+01 best=7.515672e-01
[NA] iter=00000 eval=00596 misfit=8.981494e-01 best=7.515672e-01
[NA] iter=00000 eval=00597 misfit=8.026346e-01 best=7.515672e-01
[NA] iter=00000 eval=00598 misfit=1.057033e+00 best=7.515672e-01
[NA] iter=00000 eval=00599 misfit=8.560465e-01 best=7.515672e-01
[NA] iter=00000 eval=00600 misfit=8.315252e-01 best=7.515672e-01
[NA] iter=00000 eval=00601 misfit=5.218417e+00 best=7.515672e-01
[NA] iter=00000 eval=00602 misfit=8.960137e-01 best=7.515672e-01
[NA] iter=00000 eval=00603 misfit=1.417328e+00 best=7.515672e-01
[NA] iter=00000 eval=00604 misfit=8.375720e-01 best=7.515672e-01
[NA] iter=00000 eval=00605 misfit=2.449793e+00 best=7.515672e-01
[NA] iter=00000 eval=00606 misfit=9.357616e-01 best=7.515672e-01
[NA] iter=00000 eval=00607 misfit=8.580366e-01 best=7.515672e-01
[NA] iter=00000 eval=00608 misfit=1.047262e+00 best=7.515672e-01
[NA] iter=00000 eval=00609 misfit=1.531863e+00 best=7.515672e-01
[NA] iter=00000 eval=00610 misfit=1.359192e+01 best=7.515672e-01
[NA] iter=00000 eval=00611 misfit=2.363928e+00 best=7.515672e-01
[NA] iter=00000 eval=00612 misfit=1.038972e+00 best=7.515672e-01
[NA] iter=00000 eval=00613 misfit=8.878276e-01 best=7.515672e-01
[NA] iter=00000 eval=00614 misfit=1.524715e+00 best=7.515672e-01
[NA] iter=00000 eval=00615 misfit=8.061935e-01 best=7.515672e-01
[NA] iter=00000 eval=00616 misfit=8.296217e-01 best=7.515672e-01
[NA] iter=00000 eval=00617 misfit=8.271094e-01 best=7.515672e-01
[NA] iter=00000 eval=00618 misfit=3.955715e+00 best=7.515672e-01
[NA] iter=00000 eval=00619 misfit=1.097319e+00 best=7.515672e-01
[NA] iter=00000 eval=00620 misfit=1.368618e+00 best=7.515672e-01
[NA] iter=00000 eval=00621 misfit=8.214879e-01 best=7.515672e-01
[NA] iter=00000 eval=00622 misfit=1.861375e+00 best=7.515672e-01
[NA] iter=00000 eval=00623 misfit=2.754884e+00 best=7.515672e-01
[NA] iter=00000 eval=00624 misfit=2.517163e+00 best=7.515672e-01
[NA] iter=00000 eval=00625 misfit=1.895359e+00 best=7.515672e-01
[NA] iter=00000 eval=00626 misfit=1.542747e+01 best=7.515672e-01
[NA] iter=00000 eval=00627 misfit=1.427534e+00 best=7.515672e-01
[NA] iter=00000 eval=00628 misfit=2.523633e+00 best=7.515672e-01
[NA] iter=00000 eval=00629 misfit=7.973746e-01 best=7.515672e-01
[NA] iter=00000 eval=00630 misfit=8.798111e-01 best=7.515672e-01
[NA] iter=00000 eval=00631 misfit=1.275123e+00 best=7.515672e-01
[NA] iter=00000 eval=00632 misfit=3.722799e+00 best=7.515672e-01
[NA] iter=00000 eval=00633 misfit=2.064247e+00 best=7.515672e-01
[NA] iter=00000 eval=00634 misfit=9.857224e-01 best=7.515672e-01
[NA] iter=00000 eval=00635 misfit=3.396158e+00 best=7.515672e-01
[NA] iter=00000 eval=00636 misfit=8.733567e-01 best=7.515672e-01
[NA] iter=00000 eval=00637 misfit=6.045182e+00 best=7.515672e-01
[NA] iter=00000 eval=00638 misfit=7.484129e-01 best=7.484129e-01
[NA] iter=00000 eval=00639 misfit=1.610872e+01 best=7.484129e-01
[NA] iter=00000 eval=00640 misfit=2.950597e+00 best=7.484129e-01
[NA] iter=00000 eval=00641 misfit=2.924711e+00 best=7.484129e-01
[NA] iter=00000 eval=00642 misfit=5.357905e+00 best=7.484129e-01
[NA] iter=00000 eval=00643 misfit=1.183352e+00 best=7.484129e-01
[NA] iter=00000 eval=00644 misfit=2.183325e+00 best=7.484129e-01
[NA] iter=00000 eval=00645 misfit=9.469505e-01 best=7.484129e-01
[NA] iter=00000 eval=00646 misfit=3.731898e+00 best=7.484129e-01
[NA] iter=00000 eval=00647 misfit=5.474370e+00 best=7.484129e-01
[NA] iter=00000 eval=00648 misfit=1.223908e+00 best=7.484129e-01
[NA] iter=00000 eval=00649 misfit=1.123218e+00 best=7.484129e-01
[NA] iter=00000 eval=00650 misfit=7.950515e-01 best=7.484129e-01
[NA] iter=00000 eval=00651 misfit=9.064664e-01 best=7.484129e-01
[NA] iter=00000 eval=00652 misfit=7.629803e+00 best=7.484129e-01
[NA] iter=00000 eval=00653 misfit=1.697618e+00 best=7.484129e-01
[NA] iter=00000 eval=00654 misfit=4.617765e+00 best=7.484129e-01
[NA] iter=00000 eval=00655 misfit=8.250501e-01 best=7.484129e-01
[NA] iter=00000 eval=00656 misfit=1.471186e+00 best=7.484129e-01
[NA] iter=00000 eval=00657 misfit=1.427553e+00 best=7.484129e-01
[NA] iter=00000 eval=00658 misfit=8.235925e-01 best=7.484129e-01
[NA] iter=00000 eval=00659 misfit=1.442437e+00 best=7.484129e-01
[NA] iter=00000 eval=00660 misfit=1.051144e+00 best=7.484129e-01
[NA] iter=00000 eval=00661 misfit=4.212638e+00 best=7.484129e-01
[NA] iter=00000 eval=00662 misfit=1.594458e+00 best=7.484129e-01
[NA] iter=00000 eval=00663 misfit=8.131776e-01 best=7.484129e-01
[NA] iter=00000 eval=00664 misfit=1.924949e+00 best=7.484129e-01
[NA] iter=00000 eval=00665 misfit=5.255145e+00 best=7.484129e-01
[NA] iter=00000 eval=00666 misfit=2.298181e+00 best=7.484129e-01
[NA] iter=00000 eval=00667 misfit=4.738670e+00 best=7.484129e-01
[NA] iter=00000 eval=00668 misfit=1.011948e+00 best=7.484129e-01
[NA] iter=00000 eval=00669 misfit=2.766794e+00 best=7.484129e-01
[NA] iter=00000 eval=00670 misfit=1.671917e+00 best=7.484129e-01
[NA] iter=00000 eval=00671 misfit=1.868912e+00 best=7.484129e-01
[NA] iter=00000 eval=00672 misfit=9.556942e-01 best=7.484129e-01
[NA] iter=00000 eval=00673 misfit=3.454012e+00 best=7.484129e-01
[NA] iter=00000 eval=00674 misfit=1.184501e+00 best=7.484129e-01
[NA] iter=00000 eval=00675 misfit=8.889130e-01 best=7.484129e-01
[NA] iter=00000 eval=00676 misfit=1.355394e+00 best=7.484129e-01
[NA] iter=00000 eval=00677 misfit=8.870534e-01 best=7.484129e-01
[NA] iter=00000 eval=00678 misfit=1.744944e+00 best=7.484129e-01
[NA] iter=00000 eval=00679 misfit=6.135914e+00 best=7.484129e-01
[NA] iter=00000 eval=00680 misfit=1.692765e+01 best=7.484129e-01
[NA] iter=00000 eval=00681 misfit=5.015438e+00 best=7.484129e-01
[NA] iter=00000 eval=00682 misfit=2.045133e+00 best=7.484129e-01
[NA] iter=00000 eval=00683 misfit=8.921856e-01 best=7.484129e-01
[NA] iter=00000 eval=00684 misfit=5.269202e+00 best=7.484129e-01
[NA] iter=00000 eval=00685 misfit=3.830103e+00 best=7.484129e-01
[NA] iter=00000 eval=00686 misfit=8.584733e-01 best=7.484129e-01
[NA] iter=00000 eval=00687 misfit=1.285346e+00 best=7.484129e-01
[NA] iter=00000 eval=00688 misfit=4.572718e+00 best=7.484129e-01
[NA] iter=00000 eval=00689 misfit=7.781585e-01 best=7.484129e-01
[NA] iter=00000 eval=00690 misfit=1.224882e+00 best=7.484129e-01
[NA] iter=00000 eval=00691 misfit=1.015678e+00 best=7.484129e-01
[NA] iter=00000 eval=00692 misfit=1.310391e+00 best=7.484129e-01
[NA] iter=00000 eval=00693 misfit=8.363437e-01 best=7.484129e-01
[NA] iter=00000 eval=00694 misfit=9.380276e-01 best=7.484129e-01
[NA] iter=00000 eval=00695 misfit=8.951923e-01 best=7.484129e-01
[NA] iter=00000 eval=00696 misfit=9.908350e-01 best=7.484129e-01
[NA] iter=00000 eval=00697 misfit=1.806369e+00 best=7.484129e-01
[NA] iter=00000 eval=00698 misfit=2.524170e+00 best=7.484129e-01
[NA] iter=00000 eval=00699 misfit=9.905440e-01 best=7.484129e-01
[NA] iter=00000 eval=00700 misfit=4.799264e+00 best=7.484129e-01
[NA] iter=00000 eval=00701 misfit=1.153448e+00 best=7.484129e-01
[NA] iter=00000 eval=00702 misfit=7.684331e-01 best=7.484129e-01
[NA] iter=00000 eval=00703 misfit=9.248830e-01 best=7.484129e-01
[NA] iter=00000 eval=00704 misfit=8.554281e-01 best=7.484129e-01
[NA] iter=00000 eval=00705 misfit=7.947066e-01 best=7.484129e-01
[NA] iter=00000 eval=00706 misfit=7.678070e+00 best=7.484129e-01
[NA] iter=00000 eval=00707 misfit=9.645307e-01 best=7.484129e-01
[NA] iter=00000 eval=00708 misfit=7.776248e-01 best=7.484129e-01
[NA] iter=00000 eval=00709 misfit=1.840505e+00 best=7.484129e-01
[NA] iter=00000 eval=00710 misfit=1.013653e+00 best=7.484129e-01
[NA] iter=00000 eval=00711 misfit=1.264742e+01 best=7.484129e-01
[NA] iter=00000 eval=00712 misfit=6.089550e+00 best=7.484129e-01
[NA] iter=00000 eval=00713 misfit=2.907991e+00 best=7.484129e-01
[NA] iter=00000 eval=00714 misfit=2.863517e+01 best=7.484129e-01
[NA] iter=00000 eval=00715 misfit=9.514922e-01 best=7.484129e-01
[NA] iter=00000 eval=00716 misfit=1.136733e+00 best=7.484129e-01
[NA] iter=00000 eval=00717 misfit=1.366255e+00 best=7.484129e-01
[NA] iter=00000 eval=00718 misfit=6.841547e+00 best=7.484129e-01
[NA] iter=00000 eval=00719 misfit=9.040588e-01 best=7.484129e-01
[NA] iter=00000 eval=00720 misfit=8.533686e-01 best=7.484129e-01
[NA] iter=00000 eval=00721 misfit=6.615283e+00 best=7.484129e-01
[NA] iter=00000 eval=00722 misfit=1.375703e+00 best=7.484129e-01
[NA] iter=00000 eval=00723 misfit=1.460351e+00 best=7.484129e-01
[NA] iter=00000 eval=00724 misfit=9.645163e+00 best=7.484129e-01
[NA] iter=00000 eval=00725 misfit=2.731320e+00 best=7.484129e-01
[NA] iter=00000 eval=00726 misfit=9.286503e-01 best=7.484129e-01
[NA] iter=00000 eval=00727 misfit=1.834716e+00 best=7.484129e-01
[NA] iter=00000 eval=00728 misfit=1.198053e+00 best=7.484129e-01
[NA] iter=00000 eval=00729 misfit=8.308647e-01 best=7.484129e-01
[NA] iter=00000 eval=00730 misfit=2.953529e+01 best=7.484129e-01
[NA] iter=00000 eval=00731 misfit=8.645851e-01 best=7.484129e-01
[NA] iter=00000 eval=00732 misfit=8.677744e+00 best=7.484129e-01
[NA] iter=00000 eval=00733 misfit=8.074625e-01 best=7.484129e-01
[NA] iter=00000 eval=00734 misfit=1.544012e+00 best=7.484129e-01
[NA] iter=00000 eval=00735 misfit=8.610779e-01 best=7.484129e-01
[NA] iter=00000 eval=00736 misfit=8.877509e+00 best=7.484129e-01
[NA] iter=00000 eval=00737 misfit=4.053809e+00 best=7.484129e-01
[NA] iter=00000 eval=00738 misfit=1.076801e+00 best=7.484129e-01
[NA] iter=00000 eval=00739 misfit=1.012750e+00 best=7.484129e-01
[NA] iter=00000 eval=00740 misfit=9.724006e-01 best=7.484129e-01
[NA] iter=00000 eval=00741 misfit=8.071710e-01 best=7.484129e-01
[NA] iter=00000 eval=00742 misfit=1.928288e+00 best=7.484129e-01
[NA] iter=00000 eval=00743 misfit=9.696760e-01 best=7.484129e-01
[NA] iter=00000 eval=00744 misfit=9.856818e-01 best=7.484129e-01
[NA] iter=00000 eval=00745 misfit=1.364025e+01 best=7.484129e-01
[NA] iter=00000 eval=00746 misfit=1.489685e+00 best=7.484129e-01
[NA] iter=00000 eval=00747 misfit=1.601675e+00 best=7.484129e-01
[NA] iter=00000 eval=00748 misfit=1.754875e+01 best=7.484129e-01
[NA] iter=00000 eval=00749 misfit=1.414300e+00 best=7.484129e-01
[NA] iter=00000 eval=00750 misfit=8.245549e-01 best=7.484129e-01
[NA] iter=00000 eval=00751 misfit=1.107843e+00 best=7.484129e-01
[NA] iter=00000 eval=00752 misfit=1.248526e+00 best=7.484129e-01
[NA] iter=00000 eval=00753 misfit=8.370687e-01 best=7.484129e-01
[NA] iter=00000 eval=00754 misfit=1.563305e+00 best=7.484129e-01
[NA] iter=00000 eval=00755 misfit=8.100660e-01 best=7.484129e-01
[NA] iter=00000 eval=00756 misfit=9.938022e-01 best=7.484129e-01
[NA] iter=00000 eval=00757 misfit=1.634182e+00 best=7.484129e-01
[NA] iter=00000 eval=00758 misfit=3.675374e+00 best=7.484129e-01
[NA] iter=00000 eval=00759 misfit=8.958627e+00 best=7.484129e-01
[NA] iter=00000 eval=00760 misfit=5.166786e+00 best=7.484129e-01
[NA] iter=00000 eval=00761 misfit=8.609241e-01 best=7.484129e-01
[NA] iter=00000 eval=00762 misfit=6.414765e+00 best=7.484129e-01
[NA] iter=00000 eval=00763 misfit=8.475879e-01 best=7.484129e-01
[NA] iter=00000 eval=00764 misfit=1.317034e+00 best=7.484129e-01
[NA] iter=00000 eval=00765 misfit=8.271531e-01 best=7.484129e-01
[NA] iter=00000 eval=00766 misfit=9.449114e-01 best=7.484129e-01
[NA] iter=00000 eval=00767 misfit=9.296679e-01 best=7.484129e-01
[NA] iter=00000 eval=00768 misfit=9.692792e-01 best=7.484129e-01
[NA] iter=00000 eval=00769 misfit=2.353682e+01 best=7.484129e-01
[NA] iter=00000 eval=00770 misfit=7.567015e+00 best=7.484129e-01
[NA] iter=00000 eval=00771 misfit=4.599654e+00 best=7.484129e-01
[NA] iter=00000 eval=00772 misfit=8.098840e-01 best=7.484129e-01
[NA] iter=00000 eval=00773 misfit=8.244425e-01 best=7.484129e-01
[NA] iter=00000 eval=00774 misfit=1.220977e+00 best=7.484129e-01
[NA] iter=00000 eval=00775 misfit=3.156475e+00 best=7.484129e-01
[NA] iter=00000 eval=00776 misfit=9.050681e-01 best=7.484129e-01
[NA] iter=00000 eval=00777 misfit=9.131066e-01 best=7.484129e-01
[NA] iter=00000 eval=00778 misfit=1.611741e+00 best=7.484129e-01
[NA] iter=00000 eval=00779 misfit=9.135568e-01 best=7.484129e-01
[NA] iter=00000 eval=00780 misfit=1.506919e+00 best=7.484129e-01
[NA] iter=00000 eval=00781 misfit=9.440503e-01 best=7.484129e-01
[NA] iter=00000 eval=00782 misfit=1.127731e+00 best=7.484129e-01
[NA] iter=00000 eval=00783 misfit=3.633860e+00 best=7.484129e-01
[NA] iter=00000 eval=00784 misfit=8.564318e-01 best=7.484129e-01
[NA] iter=00000 eval=00785 misfit=1.216551e+00 best=7.484129e-01
[NA] iter=00000 eval=00786 misfit=3.996527e+00 best=7.484129e-01
[NA] iter=00000 eval=00787 misfit=8.364109e-01 best=7.484129e-01
[NA] iter=00000 eval=00788 misfit=7.646617e-01 best=7.484129e-01
[NA] iter=00000 eval=00789 misfit=1.146868e+00 best=7.484129e-01
[NA] iter=00000 eval=00790 misfit=8.819379e-01 best=7.484129e-01
[NA] iter=00000 eval=00791 misfit=4.850998e+00 best=7.484129e-01
[NA] iter=00000 eval=00792 misfit=1.535778e+00 best=7.484129e-01
[NA] iter=00000 eval=00793 misfit=1.223484e+00 best=7.484129e-01
[NA] iter=00000 eval=00794 misfit=8.535805e-01 best=7.484129e-01
[NA] iter=00000 eval=00795 misfit=1.772508e+00 best=7.484129e-01
[NA] iter=00000 eval=00796 misfit=9.417851e-01 best=7.484129e-01
[NA] iter=00000 eval=00797 misfit=9.001420e-01 best=7.484129e-01
[NA] iter=00000 eval=00798 misfit=8.252412e-01 best=7.484129e-01
[NA] iter=00000 eval=00799 misfit=8.411982e-01 best=7.484129e-01
[NA] iter=00000 eval=00800 misfit=8.158358e-01 best=7.484129e-01
[NA] iter=00000 eval=00801 misfit=8.171652e-01 best=7.484129e-01
[NA] iter=00000 eval=00802 misfit=8.213742e-01 best=7.484129e-01
[NA] iter=00000 eval=00803 misfit=1.519867e+01 best=7.484129e-01
[NA] iter=00000 eval=00804 misfit=1.094284e+01 best=7.484129e-01
[NA] iter=00000 eval=00805 misfit=1.310350e+01 best=7.484129e-01
[NA] iter=00000 eval=00806 misfit=8.472807e+00 best=7.484129e-01
[NA] iter=00000 eval=00807 misfit=8.842067e-01 best=7.484129e-01
[NA] iter=00000 eval=00808 misfit=4.046620e+00 best=7.484129e-01
[NA] iter=00000 eval=00809 misfit=9.176978e-01 best=7.484129e-01
[NA] iter=00000 eval=00810 misfit=8.714372e-01 best=7.484129e-01
[NA] iter=00000 eval=00811 misfit=2.120072e+00 best=7.484129e-01
[NA] iter=00000 eval=00812 misfit=1.387533e+00 best=7.484129e-01
[NA] iter=00000 eval=00813 misfit=8.515027e-01 best=7.484129e-01
[NA] iter=00000 eval=00814 misfit=2.698598e+00 best=7.484129e-01
[NA] iter=00000 eval=00815 misfit=2.345657e+00 best=7.484129e-01
[NA] iter=00000 eval=00816 misfit=1.339875e+00 best=7.484129e-01
[NA] iter=00000 eval=00817 misfit=6.021324e+00 best=7.484129e-01
[NA] iter=00000 eval=00818 misfit=2.998406e+00 best=7.484129e-01
[NA] iter=00000 eval=00819 misfit=8.373243e-01 best=7.484129e-01
[NA] iter=00000 eval=00820 misfit=7.944707e-01 best=7.484129e-01
[NA] iter=00000 eval=00821 misfit=8.539597e-01 best=7.484129e-01
[NA] iter=00000 eval=00822 misfit=8.023714e-01 best=7.484129e-01
[NA] iter=00000 eval=00823 misfit=8.165754e-01 best=7.484129e-01
[NA] iter=00000 eval=00824 misfit=9.874321e-01 best=7.484129e-01
[NA] iter=00000 eval=00825 misfit=9.220677e+00 best=7.484129e-01
[NA] iter=00000 eval=00826 misfit=1.839214e+00 best=7.484129e-01
[NA] iter=00000 eval=00827 misfit=1.887054e+00 best=7.484129e-01
[NA] iter=00000 eval=00828 misfit=8.197027e-01 best=7.484129e-01
[NA] iter=00000 eval=00829 misfit=8.495240e-01 best=7.484129e-01
[NA] iter=00000 eval=00830 misfit=1.609272e+00 best=7.484129e-01
[NA] iter=00000 eval=00831 misfit=9.841542e-01 best=7.484129e-01
[NA] iter=00000 eval=00832 misfit=9.887272e-01 best=7.484129e-01
[NA] iter=00000 eval=00833 misfit=8.794864e-01 best=7.484129e-01
[NA] iter=00000 eval=00834 misfit=1.241554e+00 best=7.484129e-01
[NA] iter=00000 eval=00835 misfit=4.849926e+00 best=7.484129e-01
[NA] iter=00000 eval=00836 misfit=7.798020e-01 best=7.484129e-01
[NA] iter=00000 eval=00837 misfit=2.669753e+00 best=7.484129e-01
[NA] iter=00000 eval=00838 misfit=1.019332e+00 best=7.484129e-01
[NA] iter=00000 eval=00839 misfit=5.938959e+00 best=7.484129e-01
[NA] iter=00000 eval=00840 misfit=3.320008e+00 best=7.484129e-01
[NA] iter=00000 eval=00841 misfit=8.417496e-01 best=7.484129e-01
[NA] iter=00000 eval=00842 misfit=9.336883e+00 best=7.484129e-01
[NA] iter=00000 eval=00843 misfit=7.584757e-01 best=7.484129e-01
[NA] iter=00000 eval=00844 misfit=8.075166e-01 best=7.484129e-01
[NA] iter=00000 eval=00845 misfit=8.194808e-01 best=7.484129e-01
[NA] iter=00000 eval=00846 misfit=3.320365e+00 best=7.484129e-01
[NA] iter=00000 eval=00847 misfit=1.175620e+00 best=7.484129e-01
[NA] iter=00000 eval=00848 misfit=8.213519e-01 best=7.484129e-01
[NA] iter=00000 eval=00849 misfit=2.644919e+00 best=7.484129e-01
[NA] iter=00000 eval=00850 misfit=2.156825e+00 best=7.484129e-01
[NA] iter=00000 eval=00851 misfit=8.046618e-01 best=7.484129e-01
[NA] iter=00000 eval=00852 misfit=1.414947e+00 best=7.484129e-01
[NA] iter=00000 eval=00853 misfit=1.132087e+00 best=7.484129e-01
[NA] iter=00000 eval=00854 misfit=1.556444e+00 best=7.484129e-01
[NA] iter=00000 eval=00855 misfit=3.250163e+00 best=7.484129e-01
[NA] iter=00000 eval=00856 misfit=2.165156e+00 best=7.484129e-01
[NA] iter=00000 eval=00857 misfit=5.528672e+00 best=7.484129e-01
[NA] iter=00000 eval=00858 misfit=1.090417e+00 best=7.484129e-01
[NA] iter=00000 eval=00859 misfit=1.812653e+01 best=7.484129e-01
[NA] iter=00000 eval=00860 misfit=1.914121e+00 best=7.484129e-01
[NA] iter=00000 eval=00861 misfit=9.091297e-01 best=7.484129e-01
[NA] iter=00000 eval=00862 misfit=1.056414e+00 best=7.484129e-01
[NA] iter=00000 eval=00863 misfit=1.120280e+00 best=7.484129e-01
[NA] iter=00000 eval=00864 misfit=8.403634e-01 best=7.484129e-01
[NA] iter=00000 eval=00865 misfit=9.414445e-01 best=7.484129e-01
[NA] iter=00000 eval=00866 misfit=9.620256e-01 best=7.484129e-01
[NA] iter=00000 eval=00867 misfit=9.519316e-01 best=7.484129e-01
[NA] iter=00000 eval=00868 misfit=9.831507e-01 best=7.484129e-01
[NA] iter=00000 eval=00869 misfit=2.302538e+00 best=7.484129e-01
[NA] iter=00000 eval=00870 misfit=2.181841e+00 best=7.484129e-01
[NA] iter=00000 eval=00871 misfit=8.590481e-01 best=7.484129e-01
[NA] iter=00000 eval=00872 misfit=4.994546e+00 best=7.484129e-01
[NA] iter=00000 eval=00873 misfit=5.732153e+00 best=7.484129e-01
